d:\cooldumpper\src\plugin\aspack\debug\cooldebug.lib
d:\cooldumpper\src\plugin\aspack\debug\cooldebug.exp
d:\cooldumpper\src\plugin\aspack\debug\cooldebug.pch
d:\cooldumpper\src\plugin\aspack\debug\vc140.pdb
d:\cooldumpper\src\plugin\aspack\debug\vc140.idb
d:\cooldumpper\src\plugin\aspack\debug\stdafx.obj
d:\cooldumpper\src\plugin\aspack\debug\cooldebug.obj
d:\cooldumpper\plugin\aspack.dll
d:\cooldumpper\src\plugin\aspack\debug\cooldebug.pdb
d:\cooldumpper\src\plugin\aspack\debug\cooldebug.res
d:\cooldumpper\src\plugin\aspack\..\..\..\plugin\aspack.dll
d:\cooldumpper\src\plugin\aspack\debug\aspack.tlog\aspack.write.1u.tlog
d:\cooldumpper\src\plugin\aspack\debug\aspack.tlog\cl.command.1.tlog
d:\cooldumpper\src\plugin\aspack\debug\aspack.tlog\cl.read.1.tlog
d:\cooldumpper\src\plugin\aspack\debug\aspack.tlog\cl.write.1.tlog
d:\cooldumpper\src\plugin\aspack\debug\aspack.tlog\link.command.1.tlog
d:\cooldumpper\src\plugin\aspack\debug\aspack.tlog\link.read.1.tlog
d:\cooldumpper\src\plugin\aspack\debug\aspack.tlog\link.write.1.tlog
d:\cooldumpper\src\plugin\aspack\debug\aspack.tlog\rc.command.1.tlog
d:\cooldumpper\src\plugin\aspack\debug\aspack.tlog\rc.read.1.tlog
d:\cooldumpper\src\plugin\aspack\debug\aspack.tlog\rc.write.1.tlog
