d:\cooldumpper\src\plugin\upx\release\cooldebug.pch
d:\cooldumpper\src\plugin\upx\release\vc140.pdb
d:\cooldumpper\src\plugin\upx\release\stdafx.obj
d:\cooldumpper\src\plugin\upx\release\cooldebug.obj
d:\cooldumpper\plugin\upx.dll
d:\cooldumpper\src\plugin\upx\release\cooldebug.pdb
d:\cooldumpper\src\plugin\upx\release\cooldebug.res
d:\cooldumpper\src\plugin\upx\release\cooldebug.lib
d:\cooldumpper\src\plugin\upx\release\cooldebug.exp
d:\cooldumpper\src\plugin\upx\..\..\..\plugin\upx.dll
d:\cooldumpper\src\plugin\upx\release\upx.tlog\cl.command.1.tlog
d:\cooldumpper\src\plugin\upx\release\upx.tlog\cl.read.1.tlog
d:\cooldumpper\src\plugin\upx\release\upx.tlog\cl.write.1.tlog
d:\cooldumpper\src\plugin\upx\release\upx.tlog\link.command.1.tlog
d:\cooldumpper\src\plugin\upx\release\upx.tlog\link.read.1.tlog
d:\cooldumpper\src\plugin\upx\release\upx.tlog\link.write.1.tlog
d:\cooldumpper\src\plugin\upx\release\upx.tlog\rc.command.1.tlog
d:\cooldumpper\src\plugin\upx\release\upx.tlog\rc.read.1.tlog
d:\cooldumpper\src\plugin\upx\release\upx.tlog\rc.write.1.tlog
d:\cooldumpper\src\plugin\upx\release\upx.tlog\upx.write.1u.tlog
